
> @bigbazar/web@0.1.0 type-check
> tsc --noEmit

src/__tests__/setup.ts(22,21): error TS1005: '>' expected.
src/__tests__/setup.ts(22,24): error TS1005: ';' expected.
src/__tests__/setup.ts(22,47): error TS1005: ';' expected.
src/__tests__/setup.ts(22,48): error TS1128: Declaration or statement expected.
src/__tests__/setup.ts(23,4): error TS1109: Expression expected.
src/__tests__/setup.ts(23,5): error TS1109: Expression expected.
src/__tests__/setup.ts(24,5): error TS1128: Declaration or statement expected.
src/__tests__/setup.ts(24,6): error TS1128: Declaration or statement expected.
src/__tests__/setup.ts(25,1): error TS1128: Declaration or statement expected.
src/__tests__/setup.ts(25,2): error TS1128: Declaration or statement expected.
src/__tests__/setup.ts(25,3): error TS1128: Declaration or statement expected.
src/__tests__/setup.ts(30,19): error TS1005: '>' expected.
src/__tests__/setup.ts(30,23): error TS1005: ';' expected.
src/__tests__/setup.ts(30,34): error TS1128: Declaration or statement expected.
src/__tests__/setup.ts(31,19): error TS1161: Unterminated regular expression literal.
src/__tests__/setup.ts(31,22): error TS1005: ')' expected.
src/__tests__/setup.ts(32,5): error TS1128: Declaration or statement expected.
src/__tests__/setup.ts(32,6): error TS1128: Declaration or statement expected.
src/__tests__/setup.ts(33,1): error TS1128: Declaration or statement expected.
src/__tests__/setup.ts(33,2): error TS1128: Declaration or statement expected.
src/__tests__/setup.ts(33,3): error TS1128: Declaration or statement expected.
